// Jest Snapshot v1, https://goo.gl/fbAQLP

exports[`Tests on <AddCategory /> should match the snapshot 1`] = `
<div>
  <form
    aria-label="form"
  >
    <input
      placeholder="Buscar gif"
      type="text"
      value=""
    />
  </form>
</div>
`;
