// Jest Snapshot v1, https://goo.gl/fbAQLP

exports[`Tests on <GifGrid /> should match the snapshot 1`] = `
<div>
  <h3>
    One Punch
  </h3>
  <h2>
    Cargando...
  </h2>
  <div
    class="card-grid"
  />
</div>
`;
